// Jest Snapshot v1, https://goo.gl/fbAQLP

exports[`Pruebas en <GifGrid /> debe de mostrar items cuando se carga im√°genes useFetchGifs 1`] = `
<Fragment>
  <h3
    className="animate__animated animate__fadeIn"
  >
    Dragon Ball
  </h3>
  <div
    className="card-grid"
  >
    <GifGridItem
      id="ABC"
      key="ABC"
      title="Cualquier cosa"
      url="https://localhost/cualquier/cosa.jpg"
    />
    <GifGridItem
      id="123"
      key="123"
      title="Cualquier cosa"
      url="https://localhost/cualquier/cosa.jpg"
    />
  </div>
</Fragment>
`;

exports[`Pruebas en <GifGrid /> debe de mostrarse correctamente 1`] = `
<Fragment>
  <h3
    className="animate__animated animate__fadeIn"
  >
    Dragon Ball
  </h3>
  <div
    className="card-grid"
  />
</Fragment>
`;
